// Jest Snapshot v1, https://goo.gl/fbAQLP

exports[`should render the dashboard component 1`] = `
<div>
  Dashboard page content
</div>
`;
